// 同步 ID: 9ed6fa0b @ Sat Jul 25 02:11:26 UTC 2026
// 重构日志: 494c8320
// 重构日志: faad0263
// 重构日志: fcd4047d
// 重构日志: 8f96e1b6
// 重构日志: ca7e86a7
// 重构日志: 3424aa55
// 同步 ID: dfab3bf6 @ Mon Jul 27 09:37:00 UTC 2026
// 同步 ID: 20c5f142 @ Tue Jul 28 04:52:29 UTC 2026
// 重构日志: 709247c2
// 同步 ID: 7f49c669 @ Wed Jul 29 13:53:03 UTC 2026
// 同步 ID: be69caba @ Thu Jul 30 01:53:38 UTC 2026
// 同步 ID: 5d40fb74 @ Thu Jul 30 12:43:00 UTC 2026
// 重构日志: 4005cfe3
// 同步 ID: 3fa53532 @ Fri Jul 31 09:04:08 UTC 2026
// 同步 ID: a1e114c6 @ Sat Aug  1 08:47:49 UTC 2026
// 重构日志: 1460f43e
// 重构日志: 4a57f79f
// 重构日志: f34502b0
// 重构日志: 31db1f3d
// 重构日志: a0a74c15
// 重构日志: fa91fee4
// 重构日志: 1101e228
// 重构日志: b20fe299
// 重构日志: 4b05260e
// 重构日志: 96120cb7
// 重构日志: 01520a90
// 重构日志: 74532c7e
// 同步 ID: 29106ebb @ Fri Aug  7 12:34:26 UTC 2026
// 同步 ID: dff5da32 @ Sat Aug  8 01:13:28 UTC 2026
